jvm\org\drools\agent\KnowledgeAgent_.java
jvm\org\drools\agent\KnowledgeAgentConfiguration_.java
jvm\org\drools\agent\KnowledgeAgentFactory_.java
jvm\org\drools\agent\KnowledgeAgentProvider_.java
jvm\org\drools\builder\conf\AccumulateFunctionOption_.java
jvm\org\drools\builder\conf\ClassLoaderCacheOption_.java
jvm\org\drools\builder\conf\DefaultDialectOption_.java
jvm\org\drools\builder\conf\DefaultPackageNameOption_.java
jvm\org\drools\builder\conf\DumpDirOption_.java
jvm\org\drools\builder\conf\EvaluatorOption_.java
jvm\org\drools\builder\conf\KnowledgeBuilderOption_.java
jvm\org\drools\builder\conf\KnowledgeBuilderOptionsConfiguration_.java
jvm\org\drools\builder\conf\MultiValueKnowledgeBuilderOption_.java
jvm\org\drools\builder\conf\ProcessStringEscapesOption_.java
jvm\org\drools\builder\conf\SingleValueKnowledgeBuilderOption_.java
jvm\org\drools\builder\DecisionTableConfiguration_.java
jvm\org\drools\builder\DecisionTableInputType_.java
jvm\org\drools\builder\DirectoryLookupFactoryService_.java
jvm\org\drools\builder\help\DroolsJaxbHelperProvider_.java
jvm\org\drools\builder\help\KnowledgeBuilderHelper_.java
jvm\org\drools\builder\JaxbConfiguration_.java
jvm\org\drools\builder\JPAKnowledgeFactoryService_.java
jvm\org\drools\builder\KnowledgeBuilder_.java
jvm\org\drools\builder\KnowledgeBuilderConfiguration_.java
jvm\org\drools\builder\KnowledgeBuilderError_.java
jvm\org\drools\builder\KnowledgeBuilderErrors_.java
jvm\org\drools\builder\KnowledgeBuilderFactory_.java
jvm\org\drools\builder\KnowledgeBuilderFactoryService_.java
jvm\org\drools\builder\ProcessBuilder_.java
jvm\org\drools\builder\ResourceConfiguration_.java
jvm\org\drools\builder\ResourceType_.java
jvm\org\drools\builder\RuleBuilder_.java
jvm\org\drools\command\BatchExecutionCommand_.java
jvm\org\drools\command\Command_.java
jvm\org\drools\command\CommandFactory_.java
jvm\org\drools\command\CommandFactoryService_.java
jvm\org\drools\command\Setter_.java
jvm\org\drools\conf\AlphaThresholdOption_.java
jvm\org\drools\conf\AssertBehaviorOption_.java
jvm\org\drools\conf\CompositeKeyDepthOption_.java
jvm\org\drools\conf\ConsequenceExceptionHandlerOption_.java
jvm\org\drools\conf\EventProcessingOption_.java
jvm\org\drools\conf\IndexLeftBetaMemoryOption_.java
jvm\org\drools\conf\IndexRightBetaMemoryOption_.java
jvm\org\drools\conf\KnowledgeBaseOption_.java
jvm\org\drools\conf\KnowledgeBaseOptionsConfiguration_.java
jvm\org\drools\conf\LogicalOverrideOption_.java
jvm\org\drools\conf\MaintainTMSOption_.java
jvm\org\drools\conf\MaxThreadsOption_.java
jvm\org\drools\conf\MBeansOption_.java
jvm\org\drools\conf\MultithreadEvaluationOption_.java
jvm\org\drools\conf\MultiValueKnowledgeBaseOption_.java
jvm\org\drools\conf\Option_.java
jvm\org\drools\conf\RemoveIdentitiesOption_.java
jvm\org\drools\conf\SequentialAgendaOption_.java
jvm\org\drools\conf\SequentialOption_.java
jvm\org\drools\conf\ShareAlphaNodesOption_.java
jvm\org\drools\conf\ShareBetaNodesOption_.java
jvm\org\drools\conf\SingleValueKnowledgeBaseOption_.java
jvm\org\drools\definition\KnowledgeDefinition_.java
jvm\org\drools\definition\KnowledgePackage_.java
jvm\org\drools\definition\process\Connection_.java
jvm\org\drools\definition\process\Node_.java
jvm\org\drools\definition\process\NodeContainer_.java
jvm\org\drools\definition\process\Process_.java
jvm\org\drools\definition\process\WorkflowProcess_.java
jvm\org\drools\definition\rule\Query_.java
jvm\org\drools\definition\rule\Rule_.java
jvm\org\drools\definition\type\FactField_.java
jvm\org\drools\definition\type\FactType_.java
jvm\org\drools\event\io\ResourceChangeListener_.java
jvm\org\drools\event\knowledgeagent\AfterChangeSetAppliedEvent_.java
jvm\org\drools\event\knowledgeagent\AfterChangeSetProcessedEvent_.java
jvm\org\drools\event\knowledgeagent\AfterResourceProcessedEvent_.java
jvm\org\drools\event\knowledgeagent\BeforeChangeSetAppliedEvent_.java
jvm\org\drools\event\knowledgeagent\BeforeChangeSetProcessedEvent_.java
jvm\org\drools\event\knowledgeagent\BeforeResourceProcessedEvent_.java
jvm\org\drools\event\knowledgeagent\ChangeSetProcessingEvent_.java
jvm\org\drools\event\knowledgeagent\KnowledgeAgentEventListener_.java
jvm\org\drools\event\knowledgeagent\KnowledgeBaseUpdatedEvent_.java
jvm\org\drools\event\knowledgeagent\ResourceCompilationFailedEvent_.java
jvm\org\drools\event\knowledgebase\AfterFunctionRemovedEvent_.java
jvm\org\drools\event\knowledgebase\AfterKnowledgeBaseLockedEvent_.java
jvm\org\drools\event\knowledgebase\AfterKnowledgeBaseUnlockedEvent_.java
jvm\org\drools\event\knowledgebase\AfterKnowledgePackageAddedEvent_.java
jvm\org\drools\event\knowledgebase\AfterKnowledgePackageRemovedEvent_.java
jvm\org\drools\event\knowledgebase\AfterRuleAddedEvent_.java
jvm\org\drools\event\knowledgebase\AfterRuleRemovedEvent_.java
jvm\org\drools\event\knowledgebase\BeforeFunctionRemovedEvent_.java
jvm\org\drools\event\knowledgebase\BeforeKnowledgeBaseLockedEvent_.java
jvm\org\drools\event\knowledgebase\BeforeKnowledgeBaseUnlockedEvent_.java
jvm\org\drools\event\knowledgebase\BeforeKnowledgePackageAddedEvent_.java
jvm\org\drools\event\knowledgebase\BeforeKnowledgePackageRemovedEvent_.java
jvm\org\drools\event\knowledgebase\BeforeRuleAddedEvent_.java
jvm\org\drools\event\knowledgebase\BeforeRuleRemovedEvent_.java
jvm\org\drools\event\knowledgebase\DefaultKnowledgeBaseEventListener_.java
jvm\org\drools\event\knowledgebase\KnowledgeBaseEvent_.java
jvm\org\drools\event\knowledgebase\KnowledgeBaseEventListener_.java
jvm\org\drools\event\knowledgebase\KnowledgeBaseEventManager_.java
jvm\org\drools\event\KnowledgeRuntimeEvent_.java
jvm\org\drools\event\KnowledgeRuntimeEventManager_.java
jvm\org\drools\event\process\DefaultProcessEventListener_.java
jvm\org\drools\event\process\ProcessCompletedEvent_.java
jvm\org\drools\event\process\ProcessEvent_.java
jvm\org\drools\event\process\ProcessEventListener_.java
jvm\org\drools\event\process\ProcessEventManager_.java
jvm\org\drools\event\process\ProcessNodeEvent_.java
jvm\org\drools\event\process\ProcessNodeLeftEvent_.java
jvm\org\drools\event\process\ProcessNodeTriggeredEvent_.java
jvm\org\drools\event\process\ProcessStartedEvent_.java
jvm\org\drools\event\rule\ActivationCancelledCause_.java
jvm\org\drools\event\rule\ActivationCancelledEvent_.java
jvm\org\drools\event\rule\ActivationCreatedEvent_.java
jvm\org\drools\event\rule\ActivationEvent_.java
jvm\org\drools\event\rule\AfterActivationFiredEvent_.java
jvm\org\drools\event\rule\AgendaEventListener_.java
jvm\org\drools\event\rule\AgendaGroupEvent_.java
jvm\org\drools\event\rule\AgendaGroupPoppedEvent_.java
jvm\org\drools\event\rule\AgendaGroupPushedEvent_.java
jvm\org\drools\event\rule\BeforeActivationFiredEvent_.java
jvm\org\drools\event\rule\DebugAgendaEventListener_.java
jvm\org\drools\event\rule\DebugKnowledgeAgentEventListener_.java
jvm\org\drools\event\rule\DebugWorkingMemoryEventListener_.java
jvm\org\drools\event\rule\DefaultAgendaEventListener_.java
jvm\org\drools\event\rule\DefaultKnowledgeAgentEventListener_.java
jvm\org\drools\event\rule\DefaultWorkingMemoryEventListener_.java
jvm\org\drools\event\rule\ObjectInsertedEvent_.java
jvm\org\drools\event\rule\ObjectRetractedEvent_.java
jvm\org\drools\event\rule\ObjectUpdatedEvent_.java
jvm\org\drools\event\rule\WorkingMemoryEvent_.java
jvm\org\drools\event\rule\WorkingMemoryEventListener_.java
jvm\org\drools\event\rule\WorkingMemoryEventManager_.java
jvm\org\drools\ChangeSet_.java
jvm\org\drools\io\Resource_.java
jvm\org\drools\io\ResourceFactory_.java
jvm\org\drools\io\ResourceFactoryService_.java
jvm\org\drools\io\ResourceChangeMonitor_.java
jvm\org\drools\io\ResourceChangeNotifier_.java
jvm\org\drools\io\ResourceChangeScanner_.java
jvm\org\drools\io\ResourceChangeScannerConfiguration_.java
jvm\org\drools\KnowledgeBase_.java
jvm\org\drools\KnowledgeBaseConfiguration_.java
jvm\org\drools\KnowledgeBaseFactory_.java
jvm\org\drools\KnowledgeBaseFactoryService_.java
jvm\org\drools\logger\KnowledgeLog_.java
jvm\org\drools\logger\KnowledgeRuntimeLogger_.java
jvm\org\drools\logger\KnowledgeRuntimeLoggerFactory_.java
jvm\org\drools\logger\KnowledgeRuntimeLoggerFactoryService_.java
jvm\org\drools\management\DroolsManagementAgentMBean_.java
jvm\org\drools\management\KBaseConfigurationMonitorMBean_.java
jvm\org\drools\management\KnowledgeSessionMonitoringMBean_.java
jvm\org\drools\management\ObjectTypeNodeMonitorMBean_.java
jvm\org\drools\marshalling\Marshaller_.java
jvm\org\drools\marshalling\MarshallerFactory_.java
jvm\org\drools\marshalling\MarshallerProvider_.java
jvm\org\drools\marshalling\ObjectMarshallingStrategy_.java
jvm\org\drools\marshalling\ObjectMarshallingStrategyAcceptor_.java
jvm\org\drools\persistence\jpa\JPAKnowledgeService_.java
jvm\org\drools\persistence\jpa\KnowledgeStoreService_.java
jvm\org\drools\PropertiesConfiguration_.java
jvm\org\drools\runtime\BatchRequestMessage_.java
jvm\org\drools\runtime\Calendars_.java
jvm\org\drools\runtime\ClassObjectFilter_.java
jvm\org\drools\runtime\CommandExecutor_.java
jvm\org\drools\runtime\conf\ClockTypeOption_.java
jvm\org\drools\runtime\conf\KeepReferenceOption_.java
jvm\org\drools\runtime\conf\KnowledgeSessionOption_.java
jvm\org\drools\runtime\conf\KnowledgeSessionOptionsConfiguration_.java
jvm\org\drools\runtime\conf\MultiValueKnowledgeSessionOption_.java
jvm\org\drools\runtime\conf\QueryListenerOption_.java
jvm\org\drools\runtime\conf\SingleValueKnowledgeSessionOption_.java
jvm\org\drools\runtime\conf\WorkItemHandlerOption_.java
jvm\org\drools\runtime\Environment_.java
jvm\org\drools\runtime\EnvironmentName_.java
jvm\org\drools\runtime\ExecutionResults_.java
jvm\org\drools\runtime\ExitPoint_.java
jvm\org\drools\runtime\Globals_.java
jvm\org\drools\runtime\Channel_.java
jvm\org\drools\runtime\KnowledgeContext_.java
jvm\org\drools\runtime\KnowledgeRuntime_.java
jvm\org\drools\runtime\KnowledgeSessionConfiguration_.java
jvm\org\drools\runtime\ObjectFilter_.java
jvm\org\drools\runtime\process\EventListener_.java
jvm\org\drools\runtime\process\NodeInstance_.java
jvm\org\drools\runtime\process\NodeInstanceContainer_.java
jvm\org\drools\runtime\process\ProcessContext_.java
jvm\org\drools\runtime\process\ProcessInstance_.java
jvm\org\drools\runtime\process\ProcessRuntime_.java
jvm\org\drools\runtime\process\StatefulProcessSession_.java
jvm\org\drools\runtime\process\StatelessProcessSession_.java
jvm\org\drools\runtime\process\WorkflowProcessInstance_.java
jvm\org\drools\runtime\process\WorkItem_.java
jvm\org\drools\runtime\process\WorkItemHandler_.java
jvm\org\drools\runtime\process\WorkItemManager_.java
jvm\org\drools\runtime\rule\AccumulateFunction_.java
jvm\org\drools\runtime\rule\Activation_.java
jvm\org\drools\runtime\rule\ActivationGroup_.java
jvm\org\drools\runtime\rule\Agenda_.java
jvm\org\drools\runtime\rule\AgendaFilter_.java
jvm\org\drools\runtime\rule\AgendaGroup_.java
jvm\org\drools\runtime\rule\AttachedViewChangedEventListener_.java
jvm\org\drools\runtime\rule\ConsequenceException_.java
jvm\org\drools\runtime\rule\ConsequenceExceptionHandler_.java
jvm\org\drools\runtime\rule\Evaluator_.java
jvm\org\drools\runtime\rule\EvaluatorDefinition_.java
jvm\org\drools\runtime\rule\FactHandle_.java
jvm\org\drools\runtime\rule\LiveQuery_.java
jvm\org\drools\runtime\rule\Operator_.java
jvm\org\drools\runtime\rule\PropagationContext_.java
jvm\org\drools\runtime\rule\QueryResults_.java
jvm\org\drools\runtime\rule\QueryResultsRow_.java
jvm\org\drools\runtime\rule\Row_.java
jvm\org\drools\runtime\rule\RuleContext_.java
jvm\org\drools\runtime\rule\RuleFlowGroup_.java
jvm\org\drools\runtime\rule\StatefulRuleSession_.java
jvm\org\drools\runtime\rule\StatelessRuleSession_.java
jvm\org\drools\runtime\rule\ViewChangedEventListener_.java
jvm\org\drools\runtime\rule\WorkingMemory_.java
jvm\org\drools\runtime\rule\WorkingMemoryEntryPoint_.java
jvm\org\drools\runtime\StatefulKnowledgeSession_.java
jvm\org\drools\runtime\StatelessKnowledgeSession_.java
jvm\org\drools\runtime\StatelessKnowledgeSessionResults_.java
jvm\org\drools\Service_.java
jvm\org\drools\SystemEventListener_.java
jvm\org\drools\SystemEventListenerFactory_.java
jvm\org\drools\SystemEventListenerService_.java
jvm\org\drools\task\service\ResponseHandler_.java
jvm\org\drools\time\Calendar_.java
jvm\org\drools\time\SessionClock_.java
jvm\org\drools\util\ClassLoaderUtil_.java
jvm\org\drools\util\CompositeClassLoader_.java
jvm\org\drools\util\ChainedProperties_.java
jvm\org\drools\util\OSGiLocator_.java
jvm\org\drools\util\ServiceRegistry_.java
jvm\org\drools\util\ServiceRegistryImpl_.java